mode: set
github.com/dreamervulpi/tourney-helper/internal/usecase/rateLimiter/discord.go:5.59,10.2 1 0
github.com/dreamervulpi/tourney-helper/internal/usecase/rateLimiter/functions.go:10.83,11.6 1 1
github.com/dreamervulpi/tourney-helper/internal/usecase/rateLimiter/functions.go:11.6,12.44 1 1
github.com/dreamervulpi/tourney-helper/internal/usecase/rateLimiter/functions.go:12.44,14.4 1 1
github.com/dreamervulpi/tourney-helper/internal/usecase/rateLimiter/functions.go:16.3,17.17 2 1
github.com/dreamervulpi/tourney-helper/internal/usecase/rateLimiter/functions.go:17.17,19.4 1 1
github.com/dreamervulpi/tourney-helper/internal/usecase/rateLimiter/functions.go:20.3,22.10 2 1
github.com/dreamervulpi/tourney-helper/internal/usecase/rateLimiter/functions.go:23.21,25.20 2 1
github.com/dreamervulpi/tourney-helper/internal/usecase/rateLimiter/functions.go:26.18,26.18 0 1
github.com/dreamervulpi/tourney-helper/internal/usecase/rateLimiter/functions.go:31.63,41.24 6 1
github.com/dreamervulpi/tourney-helper/internal/usecase/rateLimiter/functions.go:43.31,46.92 2 1
github.com/dreamervulpi/tourney-helper/internal/usecase/rateLimiter/functions.go:46.92,48.4 1 1
github.com/dreamervulpi/tourney-helper/internal/usecase/rateLimiter/functions.go:51.3,52.92 2 1
github.com/dreamervulpi/tourney-helper/internal/usecase/rateLimiter/functions.go:52.92,54.4 1 0
github.com/dreamervulpi/tourney-helper/internal/usecase/rateLimiter/functions.go:56.3,57.45 2 1
github.com/dreamervulpi/tourney-helper/internal/usecase/rateLimiter/functions.go:58.31,60.94 2 0
github.com/dreamervulpi/tourney-helper/internal/usecase/rateLimiter/functions.go:60.94,62.4 1 0
github.com/dreamervulpi/tourney-helper/internal/usecase/rateLimiter/functions.go:63.3,63.45 1 0
github.com/dreamervulpi/tourney-helper/internal/usecase/rateLimiter/functions.go:64.10,65.36 1 0
github.com/dreamervulpi/tourney-helper/internal/usecase/rateLimiter/functions.go:68.2,68.12 1 1
github.com/dreamervulpi/tourney-helper/internal/usecase/rateLimiter/functions.go:71.71,75.24 3 1
github.com/dreamervulpi/tourney-helper/internal/usecase/rateLimiter/functions.go:76.31,77.91 1 1
github.com/dreamervulpi/tourney-helper/internal/usecase/rateLimiter/functions.go:77.91,79.4 1 1
github.com/dreamervulpi/tourney-helper/internal/usecase/rateLimiter/functions.go:80.3,80.49 1 1
github.com/dreamervulpi/tourney-helper/internal/usecase/rateLimiter/functions.go:81.31,82.92 1 1
github.com/dreamervulpi/tourney-helper/internal/usecase/rateLimiter/functions.go:82.92,84.4 1 1
github.com/dreamervulpi/tourney-helper/internal/usecase/rateLimiter/functions.go:85.3,85.49 1 1
github.com/dreamervulpi/tourney-helper/internal/usecase/rateLimiter/functions.go:87.2,87.10 1 0
github.com/dreamervulpi/tourney-helper/internal/usecase/rateLimiter/functions.go:90.59,94.24 3 1
github.com/dreamervulpi/tourney-helper/internal/usecase/rateLimiter/functions.go:95.31,97.35 2 1
github.com/dreamervulpi/tourney-helper/internal/usecase/rateLimiter/functions.go:97.35,99.4 1 1
github.com/dreamervulpi/tourney-helper/internal/usecase/rateLimiter/functions.go:101.3,102.35 2 1
github.com/dreamervulpi/tourney-helper/internal/usecase/rateLimiter/functions.go:102.35,104.4 1 1
github.com/dreamervulpi/tourney-helper/internal/usecase/rateLimiter/functions.go:105.31,107.35 2 1
github.com/dreamervulpi/tourney-helper/internal/usecase/rateLimiter/functions.go:107.35,109.4 1 1
github.com/dreamervulpi/tourney-helper/internal/usecase/rateLimiter/rateLimiter.go:34.51,36.2 1 0
github.com/dreamervulpi/tourney-helper/internal/usecase/rateLimiter/rateLimiter.go:38.53,40.2 1 0
github.com/dreamervulpi/tourney-helper/internal/usecase/rateLimiter/rateLimiter.go:42.43,45.51 2 1
github.com/dreamervulpi/tourney-helper/internal/usecase/rateLimiter/rateLimiter.go:45.51,48.3 2 1
github.com/dreamervulpi/tourney-helper/internal/usecase/rateLimiter/rateLimiter.go:50.2,50.51 1 1
github.com/dreamervulpi/tourney-helper/internal/usecase/rateLimiter/rateLimiter.go:50.51,53.3 2 1
github.com/dreamervulpi/tourney-helper/internal/usecase/rateLimiter/rateLimiter.go:55.2,55.51 1 1
github.com/dreamervulpi/tourney-helper/internal/usecase/rateLimiter/rateLimiter.go:55.51,58.3 2 1
github.com/dreamervulpi/tourney-helper/internal/usecase/rateLimiter/startgg.go:5.59,10.2 1 0
github.com/dreamervulpi/tourney-helper/internal/usecase/rateLimiter/testing.go:6.16,11.2 1 1
